PC:0x0000000C
RA:0x00000000
SP:0x00000000
GP:0x00000000
TP:0x00000000
T0:0x00000001
T1:0x00000000
T2:0x00000001
S0:0x00000000
S1:0x00000000
A0:0x00000000
A1:0x00000000
A2:0x00000000
A3:0x00000000
A4:0x00000000
A5:0x00000000
A6:0x00000000
A7:0x00000000
S2:0x00000000
S3:0x00000000
S4:0x00000000
S5:0x00000000
S6:0x00000000
S7:0x00000000
S8:0x00000000
S9:0x00000000
S10:0x00000000
S11:0x00000000
T3:0x00000000
T4:0x00000000
T5:0x00000000
T6:0x00000000