PC:0x00000038
RA:0x00000000
SP:0x0000ffec
GP:0x00000000
TP:0x00000000
T0:0xffffffff
T1:0x00000011
T2:0fffffffae
S0:0x0000fff0
S1:0x00000000
A0:0x00000000
A1:0x00000000
A2:0x00000000
A3:0x00000000
A4:0x00000000
A5:0x00000000
A6:0x00000000
A7:0x00000000
S2:0x00000000
S3:0x00000000
S4:0x00000000
S5:0x00000000
S6:0x00000000
S7:0x00000000
S8:0x00000000
S9:0x00000000
S10:0x00000000
S11:0x00000000
T3:0xffffff89
T4:0x00000000
T5:0x00000000
T6:0x00000000